exports[`App component Renders correctly 1`] = `
<div
  className="container" />
`;
